// Jest Snapshot v1, https://goo.gl/fbAQLP

exports[`renders correctly 1`] = `
<div>
  <div
    class="makeStyles-root-1"
  >
    <header
      class="MuiPaper-root MuiAppBar-root MuiAppBar-positionStatic MuiAppBar-colorPrimary makeStyles-appBar-2 MuiPaper-elevation4"
    >
      <div
        class="MuiBox-root MuiBox-root-4"
      >
        <img
          alt="Logo"
          height="49"
          src="logo.png"
          width="108"
        />
        ;
      </div>
    </header>
  </div>
  <div
    class="MuiBox-root MuiBox-root-5"
  >
    <div
      class="MuiCircularProgress-root MuiCircularProgress-colorPrimary MuiCircularProgress-indeterminate"
      data-testid="progressLoader"
      role="progressbar"
      style="width: 40px; height: 40px;"
    >
      <svg
        class="MuiCircularProgress-svg"
        viewBox="22 22 44 44"
      >
        <circle
          class="MuiCircularProgress-circle MuiCircularProgress-circleIndeterminate"
          cx="44"
          cy="44"
          fill="none"
          r="20.2"
          stroke-width="3.6"
        />
      </svg>
    </div>
  </div>
</div>
`;
