// Jest Snapshot v1, https://goo.gl/fbAQLP

exports[`renders correctly 1`] = `ShallowWrapper {}`;

exports[`renders the application editor with the id propely 1`] = `ShallowWrapper {}`;
